Report time       : Tue Apr 23 23:03:21 IST 2024.
Solution          : Latency_2.
Simulation tool   : xsim.

+----------+----------+-----------------------------------------------+-----------------------------------------------+
|          |          |                    Latency                    |                    Interval                   |
+   RTL    +  Status  +-----------------------------------------------+-----------------------------------------------+
|          |          |      min      |      avg      |      max      |      min      |      avg      |      max      |
+----------+----------+-----------------------------------------------+-----------------------------------------------+
|      VHDL|        NA|             NA|             NA|             NA|             NA|             NA|             NA|
|   Verilog|      Pass|          60288|          60288|          60288|             NA|             NA|             NA|
+----------+----------+-----------------------------------------------+-----------------------------------------------+
