

================================================================
== Vivado HLS Report for 'k2c_affine_matmul'
================================================================
* Date:           Tue Apr 23 22:37:43 2024

* Version:        2018.2 (Build 2258646 on Thu Jun 14 20:25:20 MDT 2018)
* Project:        Group_5
* Solution:       Latency_3
* Product family: artix7
* Target device:  xc7a200tfbg676-2


================================================================
== Performance Estimates
================================================================
+ Timing (ns): 
    * Summary: 
    +--------+-------+----------+------------+
    |  Clock | Target| Estimated| Uncertainty|
    +--------+-------+----------+------------+
    |ap_clk  |   5.00|     4.442|        0.62|
    +--------+-------+----------+------------+

+ Latency (clock cycles): 
    * Summary: 
    +-----+-----+-----+-----+---------+
    |  Latency  |  Interval | Pipeline|
    | min | max | min | max |   Type  |
    +-----+-----+-----+-----+---------+
    |    ?|    ?|    ?|    ?|   none  |
    +-----+-----+-----+-----+---------+

    + Detail: 
        * Instance: 
        N/A

        * Loop: 
        +-----------------+-----+-----+----------+-----------+-----------+------+----------+
        |                 |  Latency  | Iteration|  Initiation Interval  | Trip |          |
        |    Loop Name    | min | max |  Latency |  achieved |   target  | Count| Pipelined|
        +-----------------+-----+-----+----------+-----------+-----------+------+----------+
        |- Loop 1         |    ?|    ?|         ?|          -|          -|     5|    no    |
        | + Loop 1.1      |    ?|    ?|      1122|          -|          -|     ?|    no    |
        |  ++ Loop 1.1.1  |  138|  138|        11|          1|          1|   128|    yes   |
        |  ++ Loop 1.1.2  |  138|  138|        11|          1|          1|   128|    yes   |
        |  ++ Loop 1.1.3  |  138|  138|        11|          1|          1|   128|    yes   |
        |  ++ Loop 1.1.4  |  138|  138|        11|          1|          1|   128|    yes   |
        |  ++ Loop 1.1.5  |  138|  138|        11|          1|          1|   128|    yes   |
        |  ++ Loop 1.1.6  |  138|  138|        11|          1|          1|   128|    yes   |
        |  ++ Loop 1.1.7  |  138|  138|        11|          1|          1|   128|    yes   |
        |  ++ Loop 1.1.8  |  138|  138|        11|          1|          1|   128|    yes   |
        | + Loop 1.2      |    ?|    ?|      1122|          -|          -|     ?|    no    |
        |  ++ Loop 1.2.1  |  138|  138|        11|          1|          1|   128|    yes   |
        |  ++ Loop 1.2.2  |  138|  138|        11|          1|          1|   128|    yes   |
        |  ++ Loop 1.2.3  |  138|  138|        11|          1|          1|   128|    yes   |
        |  ++ Loop 1.2.4  |  138|  138|        11|          1|          1|   128|    yes   |
        |  ++ Loop 1.2.5  |  138|  138|        11|          1|          1|   128|    yes   |
        |  ++ Loop 1.2.6  |  138|  138|        11|          1|          1|   128|    yes   |
        |  ++ Loop 1.2.7  |  138|  138|        11|          1|          1|   128|    yes   |
        |  ++ Loop 1.2.8  |  138|  138|        11|          1|          1|   128|    yes   |
        | + Loop 1.3      |    ?|    ?|      1122|          -|          -|     ?|    no    |
        |  ++ Loop 1.3.1  |  138|  138|        11|          1|          1|   128|    yes   |
        |  ++ Loop 1.3.2  |  138|  138|        11|          1|          1|   128|    yes   |
        |  ++ Loop 1.3.3  |  138|  138|        11|          1|          1|   128|    yes   |
        |  ++ Loop 1.3.4  |  138|  138|        11|          1|          1|   128|    yes   |
        |  ++ Loop 1.3.5  |  138|  138|        11|          1|          1|   128|    yes   |
        |  ++ Loop 1.3.6  |  138|  138|        11|          1|          1|   128|    yes   |
        |  ++ Loop 1.3.7  |  138|  138|        11|          1|          1|   128|    yes   |
        |  ++ Loop 1.3.8  |  138|  138|        11|          1|          1|   128|    yes   |
        | + Loop 1.4      |    ?|    ?|      1121|          -|          -|     ?|    no    |
        |  ++ Loop 1.4.1  |  138|  138|        11|          1|          1|   128|    yes   |
        |  ++ Loop 1.4.2  |  138|  138|        11|          1|          1|   128|    yes   |
        |  ++ Loop 1.4.3  |  138|  138|        11|          1|          1|   128|    yes   |
        |  ++ Loop 1.4.4  |  138|  138|        11|          1|          1|   128|    yes   |
        |  ++ Loop 1.4.5  |  138|  138|        11|          1|          1|   128|    yes   |
        |  ++ Loop 1.4.6  |  138|  138|        11|          1|          1|   128|    yes   |
        |  ++ Loop 1.4.7  |  138|  138|        11|          1|          1|   128|    yes   |
        |  ++ Loop 1.4.8  |  138|  138|        11|          1|          1|   128|    yes   |
        +-----------------+-----+-----+----------+-----------+-----------+------+----------+



================================================================
== Utilization Estimates
================================================================
* Summary: 
+-----------------+---------+-------+--------+--------+
|       Name      | BRAM_18K| DSP48E|   FF   |   LUT  |
+-----------------+---------+-------+--------+--------+
|DSP              |        -|      -|       -|       -|
|Expression       |        -|      -|       0|    7606|
|FIFO             |        -|      -|       -|       -|
|Instance         |        -|      5|     475|     544|
|Memory           |        8|      -|       0|       0|
|Multiplexer      |        -|      -|       -|    3712|
|Register         |        0|      -|    7541|    1024|
+-----------------+---------+-------+--------+--------+
|Total            |        8|      5|    8016|   12886|
+-----------------+---------+-------+--------+--------+
|Available        |      730|    740|  269200|  129000|
+-----------------+---------+-------+--------+--------+
|Utilization (%)  |        1|   ~0  |       2|       9|
+-----------------+---------+-------+--------+--------+

+ Detail: 
    * Instance: 
    +--------------------------+----------------------+---------+-------+-----+-----+
    |         Instance         |        Module        | BRAM_18K| DSP48E|  FF | LUT |
    +--------------------------+----------------------+---------+-------+-----+-----+
    |sample_fadd_32ns_ocq_U81  |sample_fadd_32ns_ocq  |        0|      2|  324|  236|
    |sample_fmul_32ns_pcA_U82  |sample_fmul_32ns_pcA  |        0|      3|  151|  144|
    |sample_mux_864_32rcU_U83  |sample_mux_864_32rcU  |        0|      0|    0|   41|
    |sample_mux_864_32rcU_U84  |sample_mux_864_32rcU  |        0|      0|    0|   41|
    |sample_mux_864_32rcU_U85  |sample_mux_864_32rcU  |        0|      0|    0|   41|
    |sample_mux_864_32rcU_U86  |sample_mux_864_32rcU  |        0|      0|    0|   41|
    +--------------------------+----------------------+---------+-------+-----+-----+
    |Total                     |                      |        0|      5|  475|  544|
    +--------------------------+----------------------+---------+-------+-----+-----+

    * DSP48: 
    N/A

    * Memory: 
    +--------------------------+----------------------+---------+---+----+------+-----+------+-------------+
    |          Memory          |        Module        | BRAM_18K| FF| LUT| Words| Bits| Banks| W*Bits*Banks|
    +--------------------------+----------------------+---------+---+----+------+-----+------+-------------+
    |dense_13_kernel_arra_U    |k2c_dot_dense_13_g8j  |        1|  0|   0|   320|   32|     1|        10240|
    |dense_13_kernel_arra_7_U  |k2c_dot_dense_13_hbi  |        1|  0|   0|   320|   32|     1|        10240|
    |dense_13_kernel_arra_6_U  |k2c_dot_dense_13_ibs  |        1|  0|   0|   320|   32|     1|        10240|
    |dense_13_kernel_arra_5_U  |k2c_dot_dense_13_jbC  |        1|  0|   0|   320|   32|     1|        10240|
    |dense_13_kernel_arra_4_U  |k2c_dot_dense_13_kbM  |        1|  0|   0|   320|   32|     1|        10240|
    |dense_13_kernel_arra_3_U  |k2c_dot_dense_13_lbW  |        1|  0|   0|   320|   32|     1|        10240|
    |dense_13_kernel_arra_2_U  |k2c_dot_dense_13_mb6  |        1|  0|   0|   320|   32|     1|        10240|
    |dense_13_kernel_arra_1_U  |k2c_dot_dense_13_ncg  |        1|  0|   0|   320|   32|     1|        10240|
    +--------------------------+----------------------+---------+---+----+------+-----+------+-------------+
    |Total                     |                      |        8|  0|   0|  2560|  256|     8|        81920|
    +--------------------------+----------------------+---------+---+----+------+-----+------+-------------+

    * FIFO: 
    N/A

    * Expression: 
    +-----------------------------+----------+-------+---+----+------------+------------+
    |        Variable Name        | Operation| DSP48E| FF| LUT| Bitwidth P0| Bitwidth P1|
    +-----------------------------+----------+-------+---+----+------------+------------+
    |arrayNo_trunc1_fu_3889_p2    |     +    |      0|  0|  12|           3|           3|
    |arrayNo_trunc2_fu_4472_p2    |     +    |      0|  0|  12|           3|           3|
    |arrayNo_trunc9_fu_3306_p2    |     +    |      0|  0|  12|           3|           3|
    |arrayNo_trunc_fu_2835_p2     |     +    |      0|  0|  12|           3|           3|
    |i_33_0_7_fu_3267_p2          |     +    |      0|  0|  71|          64|           4|
    |i_33_1_7_fu_3850_p2          |     +    |      0|  0|  71|          64|           4|
    |i_33_2_7_fu_4433_p2          |     +    |      0|  0|  71|          64|           4|
    |i_33_3_7_fu_5016_p2          |     +    |      0|  0|  71|          64|           4|
    |inneridx_2_0_1_fu_2968_p2    |     +    |      0|  0|  71|          64|          64|
    |inneridx_2_0_2_fu_3014_p2    |     +    |      0|  0|  71|          64|          64|
    |inneridx_2_0_3_fu_3060_p2    |     +    |      0|  0|  71|          64|          64|
    |inneridx_2_0_4_fu_3106_p2    |     +    |      0|  0|  71|          64|          64|
    |inneridx_2_0_5_fu_3152_p2    |     +    |      0|  0|  71|          64|          64|
    |inneridx_2_0_6_fu_3198_p2    |     +    |      0|  0|  71|          64|          64|
    |inneridx_2_0_7_fu_3244_p2    |     +    |      0|  0|  71|          64|          64|
    |inneridx_2_1_1_fu_3551_p2    |     +    |      0|  0|  71|          64|          64|
    |inneridx_2_1_2_fu_3597_p2    |     +    |      0|  0|  71|          64|          64|
    |inneridx_2_1_3_fu_3643_p2    |     +    |      0|  0|  71|          64|          64|
    |inneridx_2_1_4_fu_3689_p2    |     +    |      0|  0|  71|          64|          64|
    |inneridx_2_1_5_fu_3735_p2    |     +    |      0|  0|  71|          64|          64|
    |inneridx_2_1_6_fu_3781_p2    |     +    |      0|  0|  71|          64|          64|
    |inneridx_2_1_7_fu_3827_p2    |     +    |      0|  0|  71|          64|          64|
    |inneridx_2_1_fu_3505_p2      |     +    |      0|  0|  71|          64|          64|
    |inneridx_2_2_1_fu_4134_p2    |     +    |      0|  0|  71|          64|          64|
    |inneridx_2_2_2_fu_4180_p2    |     +    |      0|  0|  71|          64|          64|
    |inneridx_2_2_3_fu_4226_p2    |     +    |      0|  0|  71|          64|          64|
    |inneridx_2_2_4_fu_4272_p2    |     +    |      0|  0|  71|          64|          64|
    |inneridx_2_2_5_fu_4318_p2    |     +    |      0|  0|  71|          64|          64|
    |inneridx_2_2_6_fu_4364_p2    |     +    |      0|  0|  71|          64|          64|
    |inneridx_2_2_7_fu_4410_p2    |     +    |      0|  0|  71|          64|          64|
    |inneridx_2_2_fu_4088_p2      |     +    |      0|  0|  71|          64|          64|
    |inneridx_2_3_1_fu_4717_p2    |     +    |      0|  0|  71|          64|          64|
    |inneridx_2_3_2_fu_4763_p2    |     +    |      0|  0|  71|          64|          64|
    |inneridx_2_3_3_fu_4809_p2    |     +    |      0|  0|  71|          64|          64|
    |inneridx_2_3_4_fu_4855_p2    |     +    |      0|  0|  71|          64|          64|
    |inneridx_2_3_5_fu_4901_p2    |     +    |      0|  0|  71|          64|          64|
    |inneridx_2_3_6_fu_4947_p2    |     +    |      0|  0|  71|          64|          64|
    |inneridx_2_3_7_fu_4993_p2    |     +    |      0|  0|  71|          64|          64|
    |inneridx_2_3_fu_4671_p2      |     +    |      0|  0|  71|          64|          64|
    |inneridx_2_fu_2922_p2        |     +    |      0|  0|  71|          64|          64|
    |k_2_3_fu_5022_p2             |     +    |      0|  0|  15|           5|           3|
    |sum3_1_fu_3300_p2            |     +    |      0|  0|  16|           9|           9|
    |sum3_2_fu_3883_p2            |     +    |      0|  0|  16|           9|           9|
    |sum3_3_fu_4466_p2            |     +    |      0|  0|  16|           9|           9|
    |sum3_fu_2739_p2              |     +    |      0|  0|  16|           9|           9|
    |sum6_1_fu_3338_p2            |     +    |      0|  0|  20|          13|          13|
    |sum6_2_fu_3921_p2            |     +    |      0|  0|  20|          13|          13|
    |sum6_3_fu_4504_p2            |     +    |      0|  0|  20|          13|          13|
    |tmp_37_0_1_fu_2980_p2        |     +    |      0|  0|  15|           8|           1|
    |tmp_37_0_2_fu_3026_p2        |     +    |      0|  0|  15|           8|           1|
    |tmp_37_0_3_fu_3072_p2        |     +    |      0|  0|  15|           8|           1|
    |tmp_37_0_4_fu_3118_p2        |     +    |      0|  0|  15|           8|           1|
    |tmp_37_0_5_fu_3164_p2        |     +    |      0|  0|  15|           8|           1|
    |tmp_37_0_6_fu_3210_p2        |     +    |      0|  0|  15|           8|           1|
    |tmp_37_0_7_fu_3256_p2        |     +    |      0|  0|  15|           8|           1|
    |tmp_37_1_1_fu_3563_p2        |     +    |      0|  0|  15|           8|           1|
    |tmp_37_1_2_fu_3609_p2        |     +    |      0|  0|  15|           8|           1|
    |tmp_37_1_3_fu_3655_p2        |     +    |      0|  0|  15|           8|           1|
    |tmp_37_1_4_fu_3701_p2        |     +    |      0|  0|  15|           8|           1|
    |tmp_37_1_5_fu_3747_p2        |     +    |      0|  0|  15|           8|           1|
    |tmp_37_1_6_fu_3793_p2        |     +    |      0|  0|  15|           8|           1|
    |tmp_37_1_7_fu_3839_p2        |     +    |      0|  0|  15|           8|           1|
    |tmp_37_1_fu_3517_p2          |     +    |      0|  0|  15|           8|           1|
    |tmp_37_2_1_fu_4146_p2        |     +    |      0|  0|  15|           8|           1|
    |tmp_37_2_2_fu_4192_p2        |     +    |      0|  0|  15|           8|           1|
    |tmp_37_2_3_fu_4238_p2        |     +    |      0|  0|  15|           8|           1|
    |tmp_37_2_4_fu_4284_p2        |     +    |      0|  0|  15|           8|           1|
    |tmp_37_2_5_fu_4330_p2        |     +    |      0|  0|  15|           8|           1|
    |tmp_37_2_6_fu_4376_p2        |     +    |      0|  0|  15|           8|           1|
    |tmp_37_2_7_fu_4422_p2        |     +    |      0|  0|  15|           8|           1|
    |tmp_37_2_fu_4100_p2          |     +    |      0|  0|  15|           8|           1|
    |tmp_37_3_1_fu_4729_p2        |     +    |      0|  0|  15|           8|           1|
    |tmp_37_3_2_fu_4775_p2        |     +    |      0|  0|  15|           8|           1|
    |tmp_37_3_3_fu_4821_p2        |     +    |      0|  0|  15|           8|           1|
    |tmp_37_3_4_fu_4867_p2        |     +    |      0|  0|  15|           8|           1|
    |tmp_37_3_5_fu_4913_p2        |     +    |      0|  0|  15|           8|           1|
    |tmp_37_3_6_fu_4959_p2        |     +    |      0|  0|  15|           8|           1|
    |tmp_37_3_7_fu_5005_p2        |     +    |      0|  0|  15|           8|           1|
    |tmp_37_3_fu_4683_p2          |     +    |      0|  0|  15|           8|           1|
    |tmp_37_fu_2934_p2            |     +    |      0|  0|  15|           8|           1|
    |exitcond1_0_1_fu_2951_p2     |   icmp   |      0|  0|  29|          64|          64|
    |exitcond1_0_2_fu_2997_p2     |   icmp   |      0|  0|  29|          64|          64|
    |exitcond1_0_3_fu_3043_p2     |   icmp   |      0|  0|  29|          64|          64|
    |exitcond1_0_4_fu_3089_p2     |   icmp   |      0|  0|  29|          64|          64|
    |exitcond1_0_5_fu_3135_p2     |   icmp   |      0|  0|  29|          64|          64|
    |exitcond1_0_6_fu_3181_p2     |   icmp   |      0|  0|  29|          64|          64|
    |exitcond1_0_7_fu_3227_p2     |   icmp   |      0|  0|  29|          64|          64|
    |exitcond1_1_1_fu_3534_p2     |   icmp   |      0|  0|  29|          64|          64|
    |exitcond1_1_2_fu_3580_p2     |   icmp   |      0|  0|  29|          64|          64|
    |exitcond1_1_3_fu_3626_p2     |   icmp   |      0|  0|  29|          64|          64|
    |exitcond1_1_4_fu_3672_p2     |   icmp   |      0|  0|  29|          64|          64|
    |exitcond1_1_5_fu_3718_p2     |   icmp   |      0|  0|  29|          64|          64|
    |exitcond1_1_6_fu_3764_p2     |   icmp   |      0|  0|  29|          64|          64|
    |exitcond1_1_7_fu_3810_p2     |   icmp   |      0|  0|  29|          64|          64|
    |exitcond1_1_fu_3488_p2       |   icmp   |      0|  0|  29|          64|          64|
    |exitcond1_2_1_fu_4117_p2     |   icmp   |      0|  0|  29|          64|          64|
    |exitcond1_2_2_fu_4163_p2     |   icmp   |      0|  0|  29|          64|          64|
    |exitcond1_2_3_fu_4209_p2     |   icmp   |      0|  0|  29|          64|          64|
    |exitcond1_2_4_fu_4255_p2     |   icmp   |      0|  0|  29|          64|          64|
    |exitcond1_2_5_fu_4301_p2     |   icmp   |      0|  0|  29|          64|          64|
    |exitcond1_2_6_fu_4347_p2     |   icmp   |      0|  0|  29|          64|          64|
    |exitcond1_2_7_fu_4393_p2     |   icmp   |      0|  0|  29|          64|          64|
    |exitcond1_2_fu_4071_p2       |   icmp   |      0|  0|  29|          64|          64|
    |exitcond1_3_1_fu_4700_p2     |   icmp   |      0|  0|  29|          64|          64|
    |exitcond1_3_2_fu_4746_p2     |   icmp   |      0|  0|  29|          64|          64|
    |exitcond1_3_3_fu_4792_p2     |   icmp   |      0|  0|  29|          64|          64|
    |exitcond1_3_4_fu_4838_p2     |   icmp   |      0|  0|  29|          64|          64|
    |exitcond1_3_5_fu_4884_p2     |   icmp   |      0|  0|  29|          64|          64|
    |exitcond1_3_6_fu_4930_p2     |   icmp   |      0|  0|  29|          64|          64|
    |exitcond1_3_7_fu_4976_p2     |   icmp   |      0|  0|  29|          64|          64|
    |exitcond1_3_fu_4654_p2       |   icmp   |      0|  0|  29|          64|          64|
    |exitcond1_fu_2905_p2         |   icmp   |      0|  0|  29|          64|          64|
    |exitcond2_fu_2688_p2         |   icmp   |      0|  0|  11|           5|           5|
    |exitcond_0_1_fu_2974_p2      |   icmp   |      0|  0|  13|           8|           9|
    |exitcond_0_2_fu_3020_p2      |   icmp   |      0|  0|  13|           8|           9|
    |exitcond_0_3_fu_3066_p2      |   icmp   |      0|  0|  13|           8|           9|
    |exitcond_0_4_fu_3112_p2      |   icmp   |      0|  0|  13|           8|           9|
    |exitcond_0_5_fu_3158_p2      |   icmp   |      0|  0|  13|           8|           9|
    |exitcond_0_6_fu_3204_p2      |   icmp   |      0|  0|  13|           8|           9|
    |exitcond_0_7_fu_3250_p2      |   icmp   |      0|  0|  13|           8|           9|
    |exitcond_1_1_fu_3557_p2      |   icmp   |      0|  0|  13|           8|           9|
    |exitcond_1_2_fu_3603_p2      |   icmp   |      0|  0|  13|           8|           9|
    |exitcond_1_3_fu_3649_p2      |   icmp   |      0|  0|  13|           8|           9|
    |exitcond_1_4_fu_3695_p2      |   icmp   |      0|  0|  13|           8|           9|
    |exitcond_1_5_fu_3741_p2      |   icmp   |      0|  0|  13|           8|           9|
    |exitcond_1_6_fu_3787_p2      |   icmp   |      0|  0|  13|           8|           9|
    |exitcond_1_7_fu_3833_p2      |   icmp   |      0|  0|  13|           8|           9|
    |exitcond_1_fu_3511_p2        |   icmp   |      0|  0|  13|           8|           9|
    |exitcond_2_1_fu_4140_p2      |   icmp   |      0|  0|  13|           8|           9|
    |exitcond_2_2_fu_4186_p2      |   icmp   |      0|  0|  13|           8|           9|
    |exitcond_2_3_fu_4232_p2      |   icmp   |      0|  0|  13|           8|           9|
    |exitcond_2_4_fu_4278_p2      |   icmp   |      0|  0|  13|           8|           9|
    |exitcond_2_5_fu_4324_p2      |   icmp   |      0|  0|  13|           8|           9|
    |exitcond_2_6_fu_4370_p2      |   icmp   |      0|  0|  13|           8|           9|
    |exitcond_2_7_fu_4416_p2      |   icmp   |      0|  0|  13|           8|           9|
    |exitcond_2_fu_4094_p2        |   icmp   |      0|  0|  13|           8|           9|
    |exitcond_3_1_fu_4723_p2      |   icmp   |      0|  0|  13|           8|           9|
    |exitcond_3_2_fu_4769_p2      |   icmp   |      0|  0|  13|           8|           9|
    |exitcond_3_3_fu_4815_p2      |   icmp   |      0|  0|  13|           8|           9|
    |exitcond_3_4_fu_4861_p2      |   icmp   |      0|  0|  13|           8|           9|
    |exitcond_3_5_fu_4907_p2      |   icmp   |      0|  0|  13|           8|           9|
    |exitcond_3_6_fu_4953_p2      |   icmp   |      0|  0|  13|           8|           9|
    |exitcond_3_7_fu_4999_p2      |   icmp   |      0|  0|  13|           8|           9|
    |exitcond_3_fu_4677_p2        |   icmp   |      0|  0|  13|           8|           9|
    |exitcond_fu_2928_p2          |   icmp   |      0|  0|  13|           8|           9|
    |sel_tmp10_i7_fu_2879_p2      |   icmp   |      0|  0|   9|           3|           3|
    |sel_tmp10_i8_fu_4045_p2      |   icmp   |      0|  0|   9|           3|           3|
    |sel_tmp10_i9_fu_4628_p2      |   icmp   |      0|  0|   9|           3|           3|
    |sel_tmp10_i_fu_3462_p2       |   icmp   |      0|  0|   9|           3|           3|
    |sel_tmp12_i7_fu_2892_p2      |   icmp   |      0|  0|   9|           3|           3|
    |sel_tmp12_i8_fu_4058_p2      |   icmp   |      0|  0|   9|           3|           3|
    |sel_tmp12_i9_fu_4641_p2      |   icmp   |      0|  0|   9|           3|           3|
    |sel_tmp12_i_fu_3475_p2       |   icmp   |      0|  0|   9|           3|           3|
    |sel_tmp2_i7_fu_2785_p2       |   icmp   |      0|  0|   9|           3|           1|
    |sel_tmp2_i8_fu_3969_p2       |   icmp   |      0|  0|   9|           3|           1|
    |sel_tmp2_i9_fu_4552_p2       |   icmp   |      0|  0|   9|           3|           1|
    |sel_tmp2_i_fu_3386_p2        |   icmp   |      0|  0|   9|           3|           1|
    |sel_tmp4_i7_fu_2799_p2       |   icmp   |      0|  0|   9|           3|           2|
    |sel_tmp4_i8_fu_3982_p2       |   icmp   |      0|  0|   9|           3|           2|
    |sel_tmp4_i9_fu_4565_p2       |   icmp   |      0|  0|   9|           3|           2|
    |sel_tmp4_i_fu_3399_p2        |   icmp   |      0|  0|   9|           3|           2|
    |sel_tmp6_i7_fu_2813_p2       |   icmp   |      0|  0|   9|           3|           2|
    |sel_tmp6_i8_fu_3995_p2       |   icmp   |      0|  0|   9|           3|           2|
    |sel_tmp6_i9_fu_4578_p2       |   icmp   |      0|  0|   9|           3|           2|
    |sel_tmp6_i_fu_3412_p2        |   icmp   |      0|  0|   9|           3|           2|
    |sel_tmp8_i7_fu_2867_p2       |   icmp   |      0|  0|   9|           3|           4|
    |sel_tmp8_i8_fu_4033_p2       |   icmp   |      0|  0|   9|           3|           4|
    |sel_tmp8_i9_fu_4616_p2       |   icmp   |      0|  0|   9|           3|           4|
    |sel_tmp8_i_fu_3450_p2        |   icmp   |      0|  0|   9|           3|           4|
    |sel_tmp_i7_fu_2771_p2        |   icmp   |      0|  0|   9|           3|           1|
    |sel_tmp_i8_fu_3956_p2        |   icmp   |      0|  0|   9|           3|           1|
    |sel_tmp_i9_fu_4539_p2        |   icmp   |      0|  0|   9|           3|           1|
    |sel_tmp_i_fu_3373_p2         |   icmp   |      0|  0|   9|           3|           1|
    |i_33_0_3_fu_2945_p2          |    or    |      0|  0|  64|          64|           1|
    |i_33_0_4_fu_3037_p2          |    or    |      0|  0|  64|          64|           2|
    |i_33_0_5_fu_3083_p2          |    or    |      0|  0|  64|          64|           3|
    |i_33_0_6_fu_3129_p2          |    or    |      0|  0|  64|          64|           3|
    |i_33_0_8_fu_3175_p2          |    or    |      0|  0|  64|          64|           3|
    |i_33_0_9_fu_3221_p2          |    or    |      0|  0|  64|          64|           3|
    |i_33_0_s_fu_2991_p2          |    or    |      0|  0|  64|          64|           2|
    |i_33_1_3_fu_3574_p2          |    or    |      0|  0|  64|          64|           2|
    |i_33_1_4_fu_3620_p2          |    or    |      0|  0|  64|          64|           2|
    |i_33_1_5_fu_3666_p2          |    or    |      0|  0|  64|          64|           3|
    |i_33_1_6_fu_3712_p2          |    or    |      0|  0|  64|          64|           3|
    |i_33_1_8_fu_3758_p2          |    or    |      0|  0|  64|          64|           3|
    |i_33_1_9_fu_3804_p2          |    or    |      0|  0|  64|          64|           3|
    |i_33_1_s_fu_3528_p2          |    or    |      0|  0|  64|          64|           1|
    |i_33_2_3_fu_4157_p2          |    or    |      0|  0|  64|          64|           2|
    |i_33_2_4_fu_4203_p2          |    or    |      0|  0|  64|          64|           2|
    |i_33_2_5_fu_4249_p2          |    or    |      0|  0|  64|          64|           3|
    |i_33_2_6_fu_4295_p2          |    or    |      0|  0|  64|          64|           3|
    |i_33_2_8_fu_4341_p2          |    or    |      0|  0|  64|          64|           3|
    |i_33_2_9_fu_4387_p2          |    or    |      0|  0|  64|          64|           3|
    |i_33_2_s_fu_4111_p2          |    or    |      0|  0|  64|          64|           1|
    |i_33_3_3_fu_4740_p2          |    or    |      0|  0|  64|          64|           2|
    |i_33_3_4_fu_4786_p2          |    or    |      0|  0|  64|          64|           2|
    |i_33_3_5_fu_4832_p2          |    or    |      0|  0|  64|          64|           3|
    |i_33_3_6_fu_4878_p2          |    or    |      0|  0|  64|          64|           3|
    |i_33_3_8_fu_4924_p2          |    or    |      0|  0|  64|          64|           3|
    |i_33_3_9_fu_4970_p2          |    or    |      0|  0|  64|          64|           3|
    |i_33_3_s_fu_4694_p2          |    or    |      0|  0|  64|          64|           1|
    |k_2_8_fu_3864_p2             |    or    |      0|  0|   5|           5|           2|
    |k_2_9_fu_4447_p2             |    or    |      0|  0|   5|           5|           2|
    |k_2_s_fu_3281_p2             |    or    |      0|  0|   5|           5|           1|
    |tmp_175_fu_3291_p2           |    or    |      0|  0|   3|           3|           1|
    |tmp_185_fu_3874_p2           |    or    |      0|  0|   3|           3|           2|
    |tmp_195_fu_4457_p2           |    or    |      0|  0|   3|           3|           2|
    |UnifiedRetVal_i7_fu_2897_p3  |  select  |      0|  0|  32|           1|          32|
    |UnifiedRetVal_i8_fu_4063_p3  |  select  |      0|  0|  32|           1|          32|
    |UnifiedRetVal_i9_fu_4646_p3  |  select  |      0|  0|  32|           1|          32|
    |UnifiedRetVal_i_fu_3480_p3   |  select  |      0|  0|  32|           1|          32|
    |sel_tmp11_i7_fu_2884_p3      |  select  |      0|  0|  32|           1|          32|
    |sel_tmp11_i8_fu_4050_p3      |  select  |      0|  0|  32|           1|          32|
    |sel_tmp11_i9_fu_4633_p3      |  select  |      0|  0|  32|           1|          32|
    |sel_tmp11_i_fu_3467_p3       |  select  |      0|  0|  32|           1|          32|
    |sel_tmp1_i7_fu_2777_p3       |  select  |      0|  0|  32|           1|          32|
    |sel_tmp1_i8_fu_3961_p3       |  select  |      0|  0|  32|           1|          32|
    |sel_tmp1_i9_fu_4544_p3       |  select  |      0|  0|  32|           1|          32|
    |sel_tmp1_i_fu_3378_p3        |  select  |      0|  0|  32|           1|          32|
    |sel_tmp3_i7_fu_2791_p3       |  select  |      0|  0|  32|           1|          32|
    |sel_tmp3_i8_fu_3974_p3       |  select  |      0|  0|  32|           1|          32|
    |sel_tmp3_i9_fu_4557_p3       |  select  |      0|  0|  32|           1|          32|
    |sel_tmp3_i_fu_3391_p3        |  select  |      0|  0|  32|           1|          32|
    |sel_tmp5_i7_fu_2805_p3       |  select  |      0|  0|  32|           1|          32|
    |sel_tmp5_i8_fu_3987_p3       |  select  |      0|  0|  32|           1|          32|
    |sel_tmp5_i9_fu_4570_p3       |  select  |      0|  0|  32|           1|          32|
    |sel_tmp5_i_fu_3404_p3        |  select  |      0|  0|  32|           1|          32|
    |sel_tmp7_i7_fu_2819_p3       |  select  |      0|  0|  32|           1|          32|
    |sel_tmp7_i8_fu_4000_p3       |  select  |      0|  0|  32|           1|          32|
    |sel_tmp7_i9_fu_4583_p3       |  select  |      0|  0|  32|           1|          32|
    |sel_tmp7_i_fu_3417_p3        |  select  |      0|  0|  32|           1|          32|
    |sel_tmp9_i7_fu_2872_p3       |  select  |      0|  0|  32|           1|          32|
    |sel_tmp9_i8_fu_4038_p3       |  select  |      0|  0|  32|           1|          32|
    |sel_tmp9_i9_fu_4621_p3       |  select  |      0|  0|  32|           1|          32|
    |sel_tmp9_i_fu_3455_p3        |  select  |      0|  0|  32|           1|          32|
    |ap_enable_pp0                |    xor   |      0|  0|   2|           1|           2|
    |ap_enable_pp1                |    xor   |      0|  0|   2|           1|           2|
    |ap_enable_pp10               |    xor   |      0|  0|   2|           1|           2|
    |ap_enable_pp11               |    xor   |      0|  0|   2|           1|           2|
    |ap_enable_pp12               |    xor   |      0|  0|   2|           1|           2|
    |ap_enable_pp13               |    xor   |      0|  0|   2|           1|           2|
    |ap_enable_pp14               |    xor   |      0|  0|   2|           1|           2|
    |ap_enable_pp15               |    xor   |      0|  0|   2|           1|           2|
    |ap_enable_pp16               |    xor   |      0|  0|   2|           1|           2|
    |ap_enable_pp17               |    xor   |      0|  0|   2|           1|           2|
    |ap_enable_pp18               |    xor   |      0|  0|   2|           1|           2|
    |ap_enable_pp19               |    xor   |      0|  0|   2|           1|           2|
    |ap_enable_pp2                |    xor   |      0|  0|   2|           1|           2|
    |ap_enable_pp20               |    xor   |      0|  0|   2|           1|           2|
    |ap_enable_pp21               |    xor   |      0|  0|   2|           1|           2|
    |ap_enable_pp22               |    xor   |      0|  0|   2|           1|           2|
    |ap_enable_pp23               |    xor   |      0|  0|   2|           1|           2|
    |ap_enable_pp24               |    xor   |      0|  0|   2|           1|           2|
    |ap_enable_pp25               |    xor   |      0|  0|   2|           1|           2|
    |ap_enable_pp26               |    xor   |      0|  0|   2|           1|           2|
    |ap_enable_pp27               |    xor   |      0|  0|   2|           1|           2|
    |ap_enable_pp28               |    xor   |      0|  0|   2|           1|           2|
    |ap_enable_pp29               |    xor   |      0|  0|   2|           1|           2|
    |ap_enable_pp3                |    xor   |      0|  0|   2|           1|           2|
    |ap_enable_pp30               |    xor   |      0|  0|   2|           1|           2|
    |ap_enable_pp31               |    xor   |      0|  0|   2|           1|           2|
    |ap_enable_pp4                |    xor   |      0|  0|   2|           1|           2|
    |ap_enable_pp5                |    xor   |      0|  0|   2|           1|           2|
    |ap_enable_pp6                |    xor   |      0|  0|   2|           1|           2|
    |ap_enable_pp7                |    xor   |      0|  0|   2|           1|           2|
    |ap_enable_pp8                |    xor   |      0|  0|   2|           1|           2|
    |ap_enable_pp9                |    xor   |      0|  0|   2|           1|           2|
    +-----------------------------+----------+-------+---+----+------------+------------+
    |Total                        |          |      0|  0|7606|        6921|        5629|
    +-----------------------------+----------+-------+---+----+------------+------------+

    * Multiplexer: 
    +---------------------------------+-----+-----------+-----+-----------+
    |               Name              | LUT | Input Size| Bits| Total Bits|
    +---------------------------------+-----+-----------+-----+-----------+
    |A_0_address0                     |   27|          5|    4|         20|
    |A_1_address0                     |   27|          5|    4|         20|
    |A_2_address0                     |   27|          5|    4|         20|
    |A_3_address0                     |   27|          5|    4|         20|
    |A_4_address0                     |   27|          5|    4|         20|
    |A_5_address0                     |   27|          5|    4|         20|
    |A_6_address0                     |   27|          5|    4|         20|
    |A_7_address0                     |   27|          5|    4|         20|
    |C_0_d0                           |  149|         33|   32|       1056|
    |C_1_d0                           |  149|         33|   32|       1056|
    |C_2_d0                           |  149|         33|   32|       1056|
    |C_3_d0                           |  149|         33|   32|       1056|
    |C_4_d0                           |  149|         33|   32|       1056|
    |C_5_d0                           |  149|         33|   32|       1056|
    |C_6_d0                           |  149|         33|   32|       1056|
    |C_7_d0                           |  149|         33|   32|       1056|
    |ap_NS_fsm                        |  477|        109|    1|        109|
    |ap_enable_reg_pp0_iter10         |    9|          2|    1|          2|
    |ap_enable_reg_pp10_iter10        |    9|          2|    1|          2|
    |ap_enable_reg_pp11_iter10        |    9|          2|    1|          2|
    |ap_enable_reg_pp12_iter10        |    9|          2|    1|          2|
    |ap_enable_reg_pp13_iter10        |    9|          2|    1|          2|
    |ap_enable_reg_pp14_iter10        |    9|          2|    1|          2|
    |ap_enable_reg_pp15_iter10        |    9|          2|    1|          2|
    |ap_enable_reg_pp16_iter10        |    9|          2|    1|          2|
    |ap_enable_reg_pp17_iter10        |    9|          2|    1|          2|
    |ap_enable_reg_pp18_iter10        |    9|          2|    1|          2|
    |ap_enable_reg_pp19_iter10        |    9|          2|    1|          2|
    |ap_enable_reg_pp1_iter10         |    9|          2|    1|          2|
    |ap_enable_reg_pp20_iter10        |    9|          2|    1|          2|
    |ap_enable_reg_pp21_iter10        |    9|          2|    1|          2|
    |ap_enable_reg_pp22_iter10        |    9|          2|    1|          2|
    |ap_enable_reg_pp23_iter10        |    9|          2|    1|          2|
    |ap_enable_reg_pp24_iter10        |    9|          2|    1|          2|
    |ap_enable_reg_pp25_iter10        |    9|          2|    1|          2|
    |ap_enable_reg_pp26_iter10        |    9|          2|    1|          2|
    |ap_enable_reg_pp27_iter10        |    9|          2|    1|          2|
    |ap_enable_reg_pp28_iter10        |    9|          2|    1|          2|
    |ap_enable_reg_pp29_iter10        |    9|          2|    1|          2|
    |ap_enable_reg_pp2_iter10         |    9|          2|    1|          2|
    |ap_enable_reg_pp30_iter10        |    9|          2|    1|          2|
    |ap_enable_reg_pp31_iter10        |    9|          2|    1|          2|
    |ap_enable_reg_pp3_iter10         |    9|          2|    1|          2|
    |ap_enable_reg_pp4_iter10         |    9|          2|    1|          2|
    |ap_enable_reg_pp5_iter10         |    9|          2|    1|          2|
    |ap_enable_reg_pp6_iter10         |    9|          2|    1|          2|
    |ap_enable_reg_pp7_iter10         |    9|          2|    1|          2|
    |ap_enable_reg_pp8_iter10         |    9|          2|    1|          2|
    |ap_enable_reg_pp9_iter10         |    9|          2|    1|          2|
    |d_address0                       |  149|         33|    7|        231|
    |dense_13_kernel_arra_1_address0  |   27|          5|    9|         45|
    |dense_13_kernel_arra_2_address0  |   27|          5|    9|         45|
    |dense_13_kernel_arra_3_address0  |   27|          5|    9|         45|
    |dense_13_kernel_arra_4_address0  |   27|          5|    9|         45|
    |dense_13_kernel_arra_5_address0  |   27|          5|    9|         45|
    |dense_13_kernel_arra_6_address0  |   27|          5|    9|         45|
    |dense_13_kernel_arra_7_address0  |   27|          5|    9|         45|
    |dense_13_kernel_arra_address0    |   27|          5|    9|         45|
    |grp_fu_2674_p0                   |   27|          5|   32|        160|
    |grp_fu_2674_p1                   |   27|          5|   32|        160|
    |i_1_reg_1551                     |    9|          2|   64|        128|
    |i_2_reg_1923                     |    9|          2|   64|        128|
    |i_3_reg_2295                     |    9|          2|   64|        128|
    |i_reg_1179                       |    9|          2|   64|        128|
    |inneridx_1_1_reg_1576            |    9|          2|   64|        128|
    |inneridx_1_2_reg_1948            |    9|          2|   64|        128|
    |inneridx_1_3_reg_2320            |    9|          2|   64|        128|
    |inneridx_1_lcssa_1_reg_1869      |   41|          8|   64|        512|
    |inneridx_1_lcssa_2_reg_2241      |   41|          8|   64|        512|
    |inneridx_1_lcssa_3_reg_2614      |   41|          8|   64|        512|
    |inneridx_1_lcssa_reg_1497        |   41|          8|   64|        512|
    |inneridx_1_reg_1204              |    9|          2|   64|        128|
    |inneridx_reg_1155                |    9|          2|   64|        128|
    |j_1_1_reg_1563                   |    9|          2|    9|         18|
    |j_1_2_reg_1935                   |    9|          2|    9|         18|
    |j_1_3_reg_2307                   |    9|          2|    9|         18|
    |j_1_lcssa_1_reg_1892             |    9|          2|    9|         18|
    |j_1_lcssa_2_reg_2264             |    9|          2|    9|         18|
    |j_1_lcssa_3_reg_2638             |    9|          2|    9|         18|
    |j_1_lcssa_reg_1520               |    9|          2|    9|         18|
    |j_1_reg_1191                     |    9|          2|    9|         18|
    |j_2_0_1_reg_1256                 |    9|          2|    8|         16|
    |j_2_0_2_reg_1286                 |    9|          2|    8|         16|
    |j_2_0_3_reg_1316                 |    9|          2|    8|         16|
    |j_2_0_4_reg_1346                 |    9|          2|    8|         16|
    |j_2_0_5_reg_1376                 |    9|          2|    8|         16|
    |j_2_0_6_reg_1406                 |    9|          2|    8|         16|
    |j_2_0_7_reg_1436                 |    9|          2|    8|         16|
    |j_2_1_1_reg_1628                 |    9|          2|    8|         16|
    |j_2_1_2_reg_1658                 |    9|          2|    8|         16|
    |j_2_1_3_reg_1688                 |    9|          2|    8|         16|
    |j_2_1_4_reg_1718                 |    9|          2|    8|         16|
    |j_2_1_5_reg_1748                 |    9|          2|    8|         16|
    |j_2_1_6_reg_1778                 |    9|          2|    8|         16|
    |j_2_1_7_reg_1808                 |    9|          2|    8|         16|
    |j_2_1_reg_1598                   |    9|          2|    8|         16|
    |j_2_2_1_reg_2000                 |    9|          2|    8|         16|
    |j_2_2_2_reg_2030                 |    9|          2|    8|         16|
    |j_2_2_3_reg_2060                 |    9|          2|    8|         16|
    |j_2_2_4_reg_2090                 |    9|          2|    8|         16|
    |j_2_2_5_reg_2120                 |    9|          2|    8|         16|
    |j_2_2_6_reg_2150                 |    9|          2|    8|         16|
    |j_2_2_7_reg_2180                 |    9|          2|    8|         16|
    |j_2_2_reg_1970                   |    9|          2|    8|         16|
    |j_2_3_1_reg_2372                 |    9|          2|    8|         16|
    |j_2_3_2_reg_2402                 |    9|          2|    8|         16|
    |j_2_3_3_reg_2432                 |    9|          2|    8|         16|
    |j_2_3_4_reg_2462                 |    9|          2|    8|         16|
    |j_2_3_5_reg_2492                 |    9|          2|    8|         16|
    |j_2_3_6_reg_2522                 |    9|          2|    8|         16|
    |j_2_3_7_reg_2552                 |    9|          2|    8|         16|
    |j_2_3_reg_2342                   |    9|          2|    8|         16|
    |j_2_reg_1226                     |    9|          2|    8|         16|
    |j_reg_1131                       |    9|          2|    9|         18|
    |k_reg_1143                       |    9|          2|    5|         10|
    |sum_1_1_reg_1587                 |    9|          2|   32|         64|
    |sum_1_2_reg_1959                 |    9|          2|   32|         64|
    |sum_1_3_reg_2331                 |    9|          2|   32|         64|
    |sum_1_lcssa_1_reg_1839           |   41|          8|   32|        256|
    |sum_1_lcssa_2_reg_2211           |   41|          8|   32|        256|
    |sum_1_lcssa_3_reg_2583           |   41|          8|   32|        256|
    |sum_1_lcssa_reg_1467             |   41|          8|   32|        256|
    |sum_1_reg_1215                   |    9|          2|   32|         64|
    |sum_2_0_1_reg_1267               |    9|          2|   32|         64|
    |sum_2_0_2_reg_1297               |    9|          2|   32|         64|
    |sum_2_0_3_reg_1327               |    9|          2|   32|         64|
    |sum_2_0_4_reg_1357               |    9|          2|   32|         64|
    |sum_2_0_5_reg_1387               |    9|          2|   32|         64|
    |sum_2_0_6_reg_1417               |    9|          2|   32|         64|
    |sum_2_0_7_reg_1447               |    9|          2|   32|         64|
    |sum_2_1_1_reg_1639               |    9|          2|   32|         64|
    |sum_2_1_2_reg_1669               |    9|          2|   32|         64|
    |sum_2_1_3_reg_1699               |    9|          2|   32|         64|
    |sum_2_1_4_reg_1729               |    9|          2|   32|         64|
    |sum_2_1_5_reg_1759               |    9|          2|   32|         64|
    |sum_2_1_6_reg_1789               |    9|          2|   32|         64|
    |sum_2_1_7_reg_1819               |    9|          2|   32|         64|
    |sum_2_1_reg_1609                 |    9|          2|   32|         64|
    |sum_2_2_1_reg_2011               |    9|          2|   32|         64|
    |sum_2_2_2_reg_2041               |    9|          2|   32|         64|
    |sum_2_2_3_reg_2071               |    9|          2|   32|         64|
    |sum_2_2_4_reg_2101               |    9|          2|   32|         64|
    |sum_2_2_5_reg_2131               |    9|          2|   32|         64|
    |sum_2_2_6_reg_2161               |    9|          2|   32|         64|
    |sum_2_2_7_reg_2191               |    9|          2|   32|         64|
    |sum_2_2_reg_1981                 |    9|          2|   32|         64|
    |sum_2_3_1_reg_2383               |    9|          2|   32|         64|
    |sum_2_3_2_reg_2413               |    9|          2|   32|         64|
    |sum_2_3_3_reg_2443               |    9|          2|   32|         64|
    |sum_2_3_4_reg_2473               |    9|          2|   32|         64|
    |sum_2_3_5_reg_2503               |    9|          2|   32|         64|
    |sum_2_3_6_reg_2533               |    9|          2|   32|         64|
    |sum_2_3_7_reg_2563               |    9|          2|   32|         64|
    |sum_2_3_reg_2353                 |    9|          2|   32|         64|
    |sum_2_reg_1237                   |    9|          2|   32|         64|
    |sum_reg_1167                     |    9|          2|   32|         64|
    +---------------------------------+-----+-----------+-----+-----------+
    |Total                            | 3712|        800| 2950|      16968|
    +---------------------------------+-----+-----------+-----+-----------+

    * Register: 
    +-----------------------------+-----+----+-----+-----------+
    |             Name            |  FF | LUT| Bits| Const Bits|
    +-----------------------------+-----+----+-----+-----------+
    |UnifiedRetVal_i7_reg_5218    |   32|   0|   32|          0|
    |UnifiedRetVal_i8_reg_5932    |   32|   0|   32|          0|
    |UnifiedRetVal_i9_reg_6289    |   32|   0|   32|          0|
    |UnifiedRetVal_i_reg_5575     |   32|   0|   32|          0|
    |ap_CS_fsm                    |  108|   0|  108|          0|
    |ap_enable_reg_pp0_iter0      |    1|   0|    1|          0|
    |ap_enable_reg_pp0_iter1      |    1|   0|    1|          0|
    |ap_enable_reg_pp0_iter10     |    1|   0|    1|          0|
    |ap_enable_reg_pp0_iter2      |    1|   0|    1|          0|
    |ap_enable_reg_pp0_iter3      |    1|   0|    1|          0|
    |ap_enable_reg_pp0_iter4      |    1|   0|    1|          0|
    |ap_enable_reg_pp0_iter5      |    1|   0|    1|          0|
    |ap_enable_reg_pp0_iter6      |    1|   0|    1|          0|
    |ap_enable_reg_pp0_iter7      |    1|   0|    1|          0|
    |ap_enable_reg_pp0_iter8      |    1|   0|    1|          0|
    |ap_enable_reg_pp0_iter9      |    1|   0|    1|          0|
    |ap_enable_reg_pp10_iter0     |    1|   0|    1|          0|
    |ap_enable_reg_pp10_iter1     |    1|   0|    1|          0|
    |ap_enable_reg_pp10_iter10    |    1|   0|    1|          0|
    |ap_enable_reg_pp10_iter2     |    1|   0|    1|          0|
    |ap_enable_reg_pp10_iter3     |    1|   0|    1|          0|
    |ap_enable_reg_pp10_iter4     |    1|   0|    1|          0|
    |ap_enable_reg_pp10_iter5     |    1|   0|    1|          0|
    |ap_enable_reg_pp10_iter6     |    1|   0|    1|          0|
    |ap_enable_reg_pp10_iter7     |    1|   0|    1|          0|
    |ap_enable_reg_pp10_iter8     |    1|   0|    1|          0|
    |ap_enable_reg_pp10_iter9     |    1|   0|    1|          0|
    |ap_enable_reg_pp11_iter0     |    1|   0|    1|          0|
    |ap_enable_reg_pp11_iter1     |    1|   0|    1|          0|
    |ap_enable_reg_pp11_iter10    |    1|   0|    1|          0|
    |ap_enable_reg_pp11_iter2     |    1|   0|    1|          0|
    |ap_enable_reg_pp11_iter3     |    1|   0|    1|          0|
    |ap_enable_reg_pp11_iter4     |    1|   0|    1|          0|
    |ap_enable_reg_pp11_iter5     |    1|   0|    1|          0|
    |ap_enable_reg_pp11_iter6     |    1|   0|    1|          0|
    |ap_enable_reg_pp11_iter7     |    1|   0|    1|          0|
    |ap_enable_reg_pp11_iter8     |    1|   0|    1|          0|
    |ap_enable_reg_pp11_iter9     |    1|   0|    1|          0|
    |ap_enable_reg_pp12_iter0     |    1|   0|    1|          0|
    |ap_enable_reg_pp12_iter1     |    1|   0|    1|          0|
    |ap_enable_reg_pp12_iter10    |    1|   0|    1|          0|
    |ap_enable_reg_pp12_iter2     |    1|   0|    1|          0|
    |ap_enable_reg_pp12_iter3     |    1|   0|    1|          0|
    |ap_enable_reg_pp12_iter4     |    1|   0|    1|          0|
    |ap_enable_reg_pp12_iter5     |    1|   0|    1|          0|
    |ap_enable_reg_pp12_iter6     |    1|   0|    1|          0|
    |ap_enable_reg_pp12_iter7     |    1|   0|    1|          0|
    |ap_enable_reg_pp12_iter8     |    1|   0|    1|          0|
    |ap_enable_reg_pp12_iter9     |    1|   0|    1|          0|
    |ap_enable_reg_pp13_iter0     |    1|   0|    1|          0|
    |ap_enable_reg_pp13_iter1     |    1|   0|    1|          0|
    |ap_enable_reg_pp13_iter10    |    1|   0|    1|          0|
    |ap_enable_reg_pp13_iter2     |    1|   0|    1|          0|
    |ap_enable_reg_pp13_iter3     |    1|   0|    1|          0|
    |ap_enable_reg_pp13_iter4     |    1|   0|    1|          0|
    |ap_enable_reg_pp13_iter5     |    1|   0|    1|          0|
    |ap_enable_reg_pp13_iter6     |    1|   0|    1|          0|
    |ap_enable_reg_pp13_iter7     |    1|   0|    1|          0|
    |ap_enable_reg_pp13_iter8     |    1|   0|    1|          0|
    |ap_enable_reg_pp13_iter9     |    1|   0|    1|          0|
    |ap_enable_reg_pp14_iter0     |    1|   0|    1|          0|
    |ap_enable_reg_pp14_iter1     |    1|   0|    1|          0|
    |ap_enable_reg_pp14_iter10    |    1|   0|    1|          0|
    |ap_enable_reg_pp14_iter2     |    1|   0|    1|          0|
    |ap_enable_reg_pp14_iter3     |    1|   0|    1|          0|
    |ap_enable_reg_pp14_iter4     |    1|   0|    1|          0|
    |ap_enable_reg_pp14_iter5     |    1|   0|    1|          0|
    |ap_enable_reg_pp14_iter6     |    1|   0|    1|          0|
    |ap_enable_reg_pp14_iter7     |    1|   0|    1|          0|
    |ap_enable_reg_pp14_iter8     |    1|   0|    1|          0|
    |ap_enable_reg_pp14_iter9     |    1|   0|    1|          0|
    |ap_enable_reg_pp15_iter0     |    1|   0|    1|          0|
    |ap_enable_reg_pp15_iter1     |    1|   0|    1|          0|
    |ap_enable_reg_pp15_iter10    |    1|   0|    1|          0|
    |ap_enable_reg_pp15_iter2     |    1|   0|    1|          0|
    |ap_enable_reg_pp15_iter3     |    1|   0|    1|          0|
    |ap_enable_reg_pp15_iter4     |    1|   0|    1|          0|
    |ap_enable_reg_pp15_iter5     |    1|   0|    1|          0|
    |ap_enable_reg_pp15_iter6     |    1|   0|    1|          0|
    |ap_enable_reg_pp15_iter7     |    1|   0|    1|          0|
    |ap_enable_reg_pp15_iter8     |    1|   0|    1|          0|
    |ap_enable_reg_pp15_iter9     |    1|   0|    1|          0|
    |ap_enable_reg_pp16_iter0     |    1|   0|    1|          0|
    |ap_enable_reg_pp16_iter1     |    1|   0|    1|          0|
    |ap_enable_reg_pp16_iter10    |    1|   0|    1|          0|
    |ap_enable_reg_pp16_iter2     |    1|   0|    1|          0|
    |ap_enable_reg_pp16_iter3     |    1|   0|    1|          0|
    |ap_enable_reg_pp16_iter4     |    1|   0|    1|          0|
    |ap_enable_reg_pp16_iter5     |    1|   0|    1|          0|
    |ap_enable_reg_pp16_iter6     |    1|   0|    1|          0|
    |ap_enable_reg_pp16_iter7     |    1|   0|    1|          0|
    |ap_enable_reg_pp16_iter8     |    1|   0|    1|          0|
    |ap_enable_reg_pp16_iter9     |    1|   0|    1|          0|
    |ap_enable_reg_pp17_iter0     |    1|   0|    1|          0|
    |ap_enable_reg_pp17_iter1     |    1|   0|    1|          0|
    |ap_enable_reg_pp17_iter10    |    1|   0|    1|          0|
    |ap_enable_reg_pp17_iter2     |    1|   0|    1|          0|
    |ap_enable_reg_pp17_iter3     |    1|   0|    1|          0|
    |ap_enable_reg_pp17_iter4     |    1|   0|    1|          0|
    |ap_enable_reg_pp17_iter5     |    1|   0|    1|          0|
    |ap_enable_reg_pp17_iter6     |    1|   0|    1|          0|
    |ap_enable_reg_pp17_iter7     |    1|   0|    1|          0|
    |ap_enable_reg_pp17_iter8     |    1|   0|    1|          0|
    |ap_enable_reg_pp17_iter9     |    1|   0|    1|          0|
    |ap_enable_reg_pp18_iter0     |    1|   0|    1|          0|
    |ap_enable_reg_pp18_iter1     |    1|   0|    1|          0|
    |ap_enable_reg_pp18_iter10    |    1|   0|    1|          0|
    |ap_enable_reg_pp18_iter2     |    1|   0|    1|          0|
    |ap_enable_reg_pp18_iter3     |    1|   0|    1|          0|
    |ap_enable_reg_pp18_iter4     |    1|   0|    1|          0|
    |ap_enable_reg_pp18_iter5     |    1|   0|    1|          0|
    |ap_enable_reg_pp18_iter6     |    1|   0|    1|          0|
    |ap_enable_reg_pp18_iter7     |    1|   0|    1|          0|
    |ap_enable_reg_pp18_iter8     |    1|   0|    1|          0|
    |ap_enable_reg_pp18_iter9     |    1|   0|    1|          0|
    |ap_enable_reg_pp19_iter0     |    1|   0|    1|          0|
    |ap_enable_reg_pp19_iter1     |    1|   0|    1|          0|
    |ap_enable_reg_pp19_iter10    |    1|   0|    1|          0|
    |ap_enable_reg_pp19_iter2     |    1|   0|    1|          0|
    |ap_enable_reg_pp19_iter3     |    1|   0|    1|          0|
    |ap_enable_reg_pp19_iter4     |    1|   0|    1|          0|
    |ap_enable_reg_pp19_iter5     |    1|   0|    1|          0|
    |ap_enable_reg_pp19_iter6     |    1|   0|    1|          0|
    |ap_enable_reg_pp19_iter7     |    1|   0|    1|          0|
    |ap_enable_reg_pp19_iter8     |    1|   0|    1|          0|
    |ap_enable_reg_pp19_iter9     |    1|   0|    1|          0|
    |ap_enable_reg_pp1_iter0      |    1|   0|    1|          0|
    |ap_enable_reg_pp1_iter1      |    1|   0|    1|          0|
    |ap_enable_reg_pp1_iter10     |    1|   0|    1|          0|
    |ap_enable_reg_pp1_iter2      |    1|   0|    1|          0|
    |ap_enable_reg_pp1_iter3      |    1|   0|    1|          0|
    |ap_enable_reg_pp1_iter4      |    1|   0|    1|          0|
    |ap_enable_reg_pp1_iter5      |    1|   0|    1|          0|
    |ap_enable_reg_pp1_iter6      |    1|   0|    1|          0|
    |ap_enable_reg_pp1_iter7      |    1|   0|    1|          0|
    |ap_enable_reg_pp1_iter8      |    1|   0|    1|          0|
    |ap_enable_reg_pp1_iter9      |    1|   0|    1|          0|
    |ap_enable_reg_pp20_iter0     |    1|   0|    1|          0|
    |ap_enable_reg_pp20_iter1     |    1|   0|    1|          0|
    |ap_enable_reg_pp20_iter10    |    1|   0|    1|          0|
    |ap_enable_reg_pp20_iter2     |    1|   0|    1|          0|
    |ap_enable_reg_pp20_iter3     |    1|   0|    1|          0|
    |ap_enable_reg_pp20_iter4     |    1|   0|    1|          0|
    |ap_enable_reg_pp20_iter5     |    1|   0|    1|          0|
    |ap_enable_reg_pp20_iter6     |    1|   0|    1|          0|
    |ap_enable_reg_pp20_iter7     |    1|   0|    1|          0|
    |ap_enable_reg_pp20_iter8     |    1|   0|    1|          0|
    |ap_enable_reg_pp20_iter9     |    1|   0|    1|          0|
    |ap_enable_reg_pp21_iter0     |    1|   0|    1|          0|
    |ap_enable_reg_pp21_iter1     |    1|   0|    1|          0|
    |ap_enable_reg_pp21_iter10    |    1|   0|    1|          0|
    |ap_enable_reg_pp21_iter2     |    1|   0|    1|          0|
    |ap_enable_reg_pp21_iter3     |    1|   0|    1|          0|
    |ap_enable_reg_pp21_iter4     |    1|   0|    1|          0|
    |ap_enable_reg_pp21_iter5     |    1|   0|    1|          0|
    |ap_enable_reg_pp21_iter6     |    1|   0|    1|          0|
    |ap_enable_reg_pp21_iter7     |    1|   0|    1|          0|
    |ap_enable_reg_pp21_iter8     |    1|   0|    1|          0|
    |ap_enable_reg_pp21_iter9     |    1|   0|    1|          0|
    |ap_enable_reg_pp22_iter0     |    1|   0|    1|          0|
    |ap_enable_reg_pp22_iter1     |    1|   0|    1|          0|
    |ap_enable_reg_pp22_iter10    |    1|   0|    1|          0|
    |ap_enable_reg_pp22_iter2     |    1|   0|    1|          0|
    |ap_enable_reg_pp22_iter3     |    1|   0|    1|          0|
    |ap_enable_reg_pp22_iter4     |    1|   0|    1|          0|
    |ap_enable_reg_pp22_iter5     |    1|   0|    1|          0|
    |ap_enable_reg_pp22_iter6     |    1|   0|    1|          0|
    |ap_enable_reg_pp22_iter7     |    1|   0|    1|          0|
    |ap_enable_reg_pp22_iter8     |    1|   0|    1|          0|
    |ap_enable_reg_pp22_iter9     |    1|   0|    1|          0|
    |ap_enable_reg_pp23_iter0     |    1|   0|    1|          0|
    |ap_enable_reg_pp23_iter1     |    1|   0|    1|          0|
    |ap_enable_reg_pp23_iter10    |    1|   0|    1|          0|
    |ap_enable_reg_pp23_iter2     |    1|   0|    1|          0|
    |ap_enable_reg_pp23_iter3     |    1|   0|    1|          0|
    |ap_enable_reg_pp23_iter4     |    1|   0|    1|          0|
    |ap_enable_reg_pp23_iter5     |    1|   0|    1|          0|
    |ap_enable_reg_pp23_iter6     |    1|   0|    1|          0|
    |ap_enable_reg_pp23_iter7     |    1|   0|    1|          0|
    |ap_enable_reg_pp23_iter8     |    1|   0|    1|          0|
    |ap_enable_reg_pp23_iter9     |    1|   0|    1|          0|
    |ap_enable_reg_pp24_iter0     |    1|   0|    1|          0|
    |ap_enable_reg_pp24_iter1     |    1|   0|    1|          0|
    |ap_enable_reg_pp24_iter10    |    1|   0|    1|          0|
    |ap_enable_reg_pp24_iter2     |    1|   0|    1|          0|
    |ap_enable_reg_pp24_iter3     |    1|   0|    1|          0|
    |ap_enable_reg_pp24_iter4     |    1|   0|    1|          0|
    |ap_enable_reg_pp24_iter5     |    1|   0|    1|          0|
    |ap_enable_reg_pp24_iter6     |    1|   0|    1|          0|
    |ap_enable_reg_pp24_iter7     |    1|   0|    1|          0|
    |ap_enable_reg_pp24_iter8     |    1|   0|    1|          0|
    |ap_enable_reg_pp24_iter9     |    1|   0|    1|          0|
    |ap_enable_reg_pp25_iter0     |    1|   0|    1|          0|
    |ap_enable_reg_pp25_iter1     |    1|   0|    1|          0|
    |ap_enable_reg_pp25_iter10    |    1|   0|    1|          0|
    |ap_enable_reg_pp25_iter2     |    1|   0|    1|          0|
    |ap_enable_reg_pp25_iter3     |    1|   0|    1|          0|
    |ap_enable_reg_pp25_iter4     |    1|   0|    1|          0|
    |ap_enable_reg_pp25_iter5     |    1|   0|    1|          0|
    |ap_enable_reg_pp25_iter6     |    1|   0|    1|          0|
    |ap_enable_reg_pp25_iter7     |    1|   0|    1|          0|
    |ap_enable_reg_pp25_iter8     |    1|   0|    1|          0|
    |ap_enable_reg_pp25_iter9     |    1|   0|    1|          0|
    |ap_enable_reg_pp26_iter0     |    1|   0|    1|          0|
    |ap_enable_reg_pp26_iter1     |    1|   0|    1|          0|
    |ap_enable_reg_pp26_iter10    |    1|   0|    1|          0|
    |ap_enable_reg_pp26_iter2     |    1|   0|    1|          0|
    |ap_enable_reg_pp26_iter3     |    1|   0|    1|          0|
    |ap_enable_reg_pp26_iter4     |    1|   0|    1|          0|
    |ap_enable_reg_pp26_iter5     |    1|   0|    1|          0|
    |ap_enable_reg_pp26_iter6     |    1|   0|    1|          0|
    |ap_enable_reg_pp26_iter7     |    1|   0|    1|          0|
    |ap_enable_reg_pp26_iter8     |    1|   0|    1|          0|
    |ap_enable_reg_pp26_iter9     |    1|   0|    1|          0|
    |ap_enable_reg_pp27_iter0     |    1|   0|    1|          0|
    |ap_enable_reg_pp27_iter1     |    1|   0|    1|          0|
    |ap_enable_reg_pp27_iter10    |    1|   0|    1|          0|
    |ap_enable_reg_pp27_iter2     |    1|   0|    1|          0|
    |ap_enable_reg_pp27_iter3     |    1|   0|    1|          0|
    |ap_enable_reg_pp27_iter4     |    1|   0|    1|          0|
    |ap_enable_reg_pp27_iter5     |    1|   0|    1|          0|
    |ap_enable_reg_pp27_iter6     |    1|   0|    1|          0|
    |ap_enable_reg_pp27_iter7     |    1|   0|    1|          0|
    |ap_enable_reg_pp27_iter8     |    1|   0|    1|          0|
    |ap_enable_reg_pp27_iter9     |    1|   0|    1|          0|
    |ap_enable_reg_pp28_iter0     |    1|   0|    1|          0|
    |ap_enable_reg_pp28_iter1     |    1|   0|    1|          0|
    |ap_enable_reg_pp28_iter10    |    1|   0|    1|          0|
    |ap_enable_reg_pp28_iter2     |    1|   0|    1|          0|
    |ap_enable_reg_pp28_iter3     |    1|   0|    1|          0|
    |ap_enable_reg_pp28_iter4     |    1|   0|    1|          0|
    |ap_enable_reg_pp28_iter5     |    1|   0|    1|          0|
    |ap_enable_reg_pp28_iter6     |    1|   0|    1|          0|
    |ap_enable_reg_pp28_iter7     |    1|   0|    1|          0|
    |ap_enable_reg_pp28_iter8     |    1|   0|    1|          0|
    |ap_enable_reg_pp28_iter9     |    1|   0|    1|          0|
    |ap_enable_reg_pp29_iter0     |    1|   0|    1|          0|
    |ap_enable_reg_pp29_iter1     |    1|   0|    1|          0|
    |ap_enable_reg_pp29_iter10    |    1|   0|    1|          0|
    |ap_enable_reg_pp29_iter2     |    1|   0|    1|          0|
    |ap_enable_reg_pp29_iter3     |    1|   0|    1|          0|
    |ap_enable_reg_pp29_iter4     |    1|   0|    1|          0|
    |ap_enable_reg_pp29_iter5     |    1|   0|    1|          0|
    |ap_enable_reg_pp29_iter6     |    1|   0|    1|          0|
    |ap_enable_reg_pp29_iter7     |    1|   0|    1|          0|
    |ap_enable_reg_pp29_iter8     |    1|   0|    1|          0|
    |ap_enable_reg_pp29_iter9     |    1|   0|    1|          0|
    |ap_enable_reg_pp2_iter0      |    1|   0|    1|          0|
    |ap_enable_reg_pp2_iter1      |    1|   0|    1|          0|
    |ap_enable_reg_pp2_iter10     |    1|   0|    1|          0|
    |ap_enable_reg_pp2_iter2      |    1|   0|    1|          0|
    |ap_enable_reg_pp2_iter3      |    1|   0|    1|          0|
    |ap_enable_reg_pp2_iter4      |    1|   0|    1|          0|
    |ap_enable_reg_pp2_iter5      |    1|   0|    1|          0|
    |ap_enable_reg_pp2_iter6      |    1|   0|    1|          0|
    |ap_enable_reg_pp2_iter7      |    1|   0|    1|          0|
    |ap_enable_reg_pp2_iter8      |    1|   0|    1|          0|
    |ap_enable_reg_pp2_iter9      |    1|   0|    1|          0|
    |ap_enable_reg_pp30_iter0     |    1|   0|    1|          0|
    |ap_enable_reg_pp30_iter1     |    1|   0|    1|          0|
    |ap_enable_reg_pp30_iter10    |    1|   0|    1|          0|
    |ap_enable_reg_pp30_iter2     |    1|   0|    1|          0|
    |ap_enable_reg_pp30_iter3     |    1|   0|    1|          0|
    |ap_enable_reg_pp30_iter4     |    1|   0|    1|          0|
    |ap_enable_reg_pp30_iter5     |    1|   0|    1|          0|
    |ap_enable_reg_pp30_iter6     |    1|   0|    1|          0|
    |ap_enable_reg_pp30_iter7     |    1|   0|    1|          0|
    |ap_enable_reg_pp30_iter8     |    1|   0|    1|          0|
    |ap_enable_reg_pp30_iter9     |    1|   0|    1|          0|
    |ap_enable_reg_pp31_iter0     |    1|   0|    1|          0|
    |ap_enable_reg_pp31_iter1     |    1|   0|    1|          0|
    |ap_enable_reg_pp31_iter10    |    1|   0|    1|          0|
    |ap_enable_reg_pp31_iter2     |    1|   0|    1|          0|
    |ap_enable_reg_pp31_iter3     |    1|   0|    1|          0|
    |ap_enable_reg_pp31_iter4     |    1|   0|    1|          0|
    |ap_enable_reg_pp31_iter5     |    1|   0|    1|          0|
    |ap_enable_reg_pp31_iter6     |    1|   0|    1|          0|
    |ap_enable_reg_pp31_iter7     |    1|   0|    1|          0|
    |ap_enable_reg_pp31_iter8     |    1|   0|    1|          0|
    |ap_enable_reg_pp31_iter9     |    1|   0|    1|          0|
    |ap_enable_reg_pp3_iter0      |    1|   0|    1|          0|
    |ap_enable_reg_pp3_iter1      |    1|   0|    1|          0|
    |ap_enable_reg_pp3_iter10     |    1|   0|    1|          0|
    |ap_enable_reg_pp3_iter2      |    1|   0|    1|          0|
    |ap_enable_reg_pp3_iter3      |    1|   0|    1|          0|
    |ap_enable_reg_pp3_iter4      |    1|   0|    1|          0|
    |ap_enable_reg_pp3_iter5      |    1|   0|    1|          0|
    |ap_enable_reg_pp3_iter6      |    1|   0|    1|          0|
    |ap_enable_reg_pp3_iter7      |    1|   0|    1|          0|
    |ap_enable_reg_pp3_iter8      |    1|   0|    1|          0|
    |ap_enable_reg_pp3_iter9      |    1|   0|    1|          0|
    |ap_enable_reg_pp4_iter0      |    1|   0|    1|          0|
    |ap_enable_reg_pp4_iter1      |    1|   0|    1|          0|
    |ap_enable_reg_pp4_iter10     |    1|   0|    1|          0|
    |ap_enable_reg_pp4_iter2      |    1|   0|    1|          0|
    |ap_enable_reg_pp4_iter3      |    1|   0|    1|          0|
    |ap_enable_reg_pp4_iter4      |    1|   0|    1|          0|
    |ap_enable_reg_pp4_iter5      |    1|   0|    1|          0|
    |ap_enable_reg_pp4_iter6      |    1|   0|    1|          0|
    |ap_enable_reg_pp4_iter7      |    1|   0|    1|          0|
    |ap_enable_reg_pp4_iter8      |    1|   0|    1|          0|
    |ap_enable_reg_pp4_iter9      |    1|   0|    1|          0|
    |ap_enable_reg_pp5_iter0      |    1|   0|    1|          0|
    |ap_enable_reg_pp5_iter1      |    1|   0|    1|          0|
    |ap_enable_reg_pp5_iter10     |    1|   0|    1|          0|
    |ap_enable_reg_pp5_iter2      |    1|   0|    1|          0|
    |ap_enable_reg_pp5_iter3      |    1|   0|    1|          0|
    |ap_enable_reg_pp5_iter4      |    1|   0|    1|          0|
    |ap_enable_reg_pp5_iter5      |    1|   0|    1|          0|
    |ap_enable_reg_pp5_iter6      |    1|   0|    1|          0|
    |ap_enable_reg_pp5_iter7      |    1|   0|    1|          0|
    |ap_enable_reg_pp5_iter8      |    1|   0|    1|          0|
    |ap_enable_reg_pp5_iter9      |    1|   0|    1|          0|
    |ap_enable_reg_pp6_iter0      |    1|   0|    1|          0|
    |ap_enable_reg_pp6_iter1      |    1|   0|    1|          0|
    |ap_enable_reg_pp6_iter10     |    1|   0|    1|          0|
    |ap_enable_reg_pp6_iter2      |    1|   0|    1|          0|
    |ap_enable_reg_pp6_iter3      |    1|   0|    1|          0|
    |ap_enable_reg_pp6_iter4      |    1|   0|    1|          0|
    |ap_enable_reg_pp6_iter5      |    1|   0|    1|          0|
    |ap_enable_reg_pp6_iter6      |    1|   0|    1|          0|
    |ap_enable_reg_pp6_iter7      |    1|   0|    1|          0|
    |ap_enable_reg_pp6_iter8      |    1|   0|    1|          0|
    |ap_enable_reg_pp6_iter9      |    1|   0|    1|          0|
    |ap_enable_reg_pp7_iter0      |    1|   0|    1|          0|
    |ap_enable_reg_pp7_iter1      |    1|   0|    1|          0|
    |ap_enable_reg_pp7_iter10     |    1|   0|    1|          0|
    |ap_enable_reg_pp7_iter2      |    1|   0|    1|          0|
    |ap_enable_reg_pp7_iter3      |    1|   0|    1|          0|
    |ap_enable_reg_pp7_iter4      |    1|   0|    1|          0|
    |ap_enable_reg_pp7_iter5      |    1|   0|    1|          0|
    |ap_enable_reg_pp7_iter6      |    1|   0|    1|          0|
    |ap_enable_reg_pp7_iter7      |    1|   0|    1|          0|
    |ap_enable_reg_pp7_iter8      |    1|   0|    1|          0|
    |ap_enable_reg_pp7_iter9      |    1|   0|    1|          0|
    |ap_enable_reg_pp8_iter0      |    1|   0|    1|          0|
    |ap_enable_reg_pp8_iter1      |    1|   0|    1|          0|
    |ap_enable_reg_pp8_iter10     |    1|   0|    1|          0|
    |ap_enable_reg_pp8_iter2      |    1|   0|    1|          0|
    |ap_enable_reg_pp8_iter3      |    1|   0|    1|          0|
    |ap_enable_reg_pp8_iter4      |    1|   0|    1|          0|
    |ap_enable_reg_pp8_iter5      |    1|   0|    1|          0|
    |ap_enable_reg_pp8_iter6      |    1|   0|    1|          0|
    |ap_enable_reg_pp8_iter7      |    1|   0|    1|          0|
    |ap_enable_reg_pp8_iter8      |    1|   0|    1|          0|
    |ap_enable_reg_pp8_iter9      |    1|   0|    1|          0|
    |ap_enable_reg_pp9_iter0      |    1|   0|    1|          0|
    |ap_enable_reg_pp9_iter1      |    1|   0|    1|          0|
    |ap_enable_reg_pp9_iter10     |    1|   0|    1|          0|
    |ap_enable_reg_pp9_iter2      |    1|   0|    1|          0|
    |ap_enable_reg_pp9_iter3      |    1|   0|    1|          0|
    |ap_enable_reg_pp9_iter4      |    1|   0|    1|          0|
    |ap_enable_reg_pp9_iter5      |    1|   0|    1|          0|
    |ap_enable_reg_pp9_iter6      |    1|   0|    1|          0|
    |ap_enable_reg_pp9_iter7      |    1|   0|    1|          0|
    |ap_enable_reg_pp9_iter8      |    1|   0|    1|          0|
    |ap_enable_reg_pp9_iter9      |    1|   0|    1|          0|
    |arrayNo_trunc1_reg_5809      |    3|   0|    3|          0|
    |arrayNo_trunc2_reg_6166      |    3|   0|    3|          0|
    |arrayNo_trunc9_reg_5452      |    3|   0|    3|          0|
    |exitcond_0_1_reg_5260        |    1|   0|    1|          0|
    |exitcond_0_2_reg_5288        |    1|   0|    1|          0|
    |exitcond_0_3_reg_5316        |    1|   0|    1|          0|
    |exitcond_0_4_reg_5344        |    1|   0|    1|          0|
    |exitcond_0_5_reg_5372        |    1|   0|    1|          0|
    |exitcond_0_6_reg_5400        |    1|   0|    1|          0|
    |exitcond_0_7_reg_5428        |    1|   0|    1|          0|
    |exitcond_1_1_reg_5617        |    1|   0|    1|          0|
    |exitcond_1_2_reg_5645        |    1|   0|    1|          0|
    |exitcond_1_3_reg_5673        |    1|   0|    1|          0|
    |exitcond_1_4_reg_5701        |    1|   0|    1|          0|
    |exitcond_1_5_reg_5729        |    1|   0|    1|          0|
    |exitcond_1_6_reg_5757        |    1|   0|    1|          0|
    |exitcond_1_7_reg_5785        |    1|   0|    1|          0|
    |exitcond_1_reg_5589          |    1|   0|    1|          0|
    |exitcond_2_1_reg_5974        |    1|   0|    1|          0|
    |exitcond_2_2_reg_6002        |    1|   0|    1|          0|
    |exitcond_2_3_reg_6030        |    1|   0|    1|          0|
    |exitcond_2_4_reg_6058        |    1|   0|    1|          0|
    |exitcond_2_5_reg_6086        |    1|   0|    1|          0|
    |exitcond_2_6_reg_6114        |    1|   0|    1|          0|
    |exitcond_2_7_reg_6142        |    1|   0|    1|          0|
    |exitcond_2_reg_5946          |    1|   0|    1|          0|
    |exitcond_3_1_reg_6331        |    1|   0|    1|          0|
    |exitcond_3_2_reg_6359        |    1|   0|    1|          0|
    |exitcond_3_3_reg_6387        |    1|   0|    1|          0|
    |exitcond_3_4_reg_6415        |    1|   0|    1|          0|
    |exitcond_3_5_reg_6443        |    1|   0|    1|          0|
    |exitcond_3_6_reg_6471        |    1|   0|    1|          0|
    |exitcond_3_7_reg_6499        |    1|   0|    1|          0|
    |exitcond_3_reg_6303          |    1|   0|    1|          0|
    |exitcond_reg_5232            |    1|   0|    1|          0|
    |i_1_reg_1551                 |   64|   0|   64|          0|
    |i_2_reg_1923                 |   64|   0|   64|          0|
    |i_3_reg_2295                 |   64|   0|   64|          0|
    |i_reg_1179                   |   64|   0|   64|          0|
    |inneridx_1_1_reg_1576        |   64|   0|   64|          0|
    |inneridx_1_2_reg_1948        |   64|   0|   64|          0|
    |inneridx_1_3_reg_2320        |   64|   0|   64|          0|
    |inneridx_1_lcssa_1_reg_1869  |   64|   0|   64|          0|
    |inneridx_1_lcssa_2_reg_2241  |   64|   0|   64|          0|
    |inneridx_1_lcssa_3_reg_2614  |   64|   0|   64|          0|
    |inneridx_1_lcssa_reg_1497    |   64|   0|   64|          0|
    |inneridx_1_reg_1204          |   64|   0|   64|          0|
    |inneridx_2_0_1_reg_5255      |   61|   0|   64|          3|
    |inneridx_2_0_2_reg_5283      |   62|   0|   64|          2|
    |inneridx_2_0_3_reg_5311      |   60|   0|   64|          4|
    |inneridx_2_0_4_reg_5339      |   62|   0|   64|          2|
    |inneridx_2_0_5_reg_5367      |   61|   0|   64|          3|
    |inneridx_2_0_6_reg_5395      |   62|   0|   64|          2|
    |inneridx_2_0_7_reg_5423      |   59|   0|   64|          5|
    |inneridx_2_1_1_reg_5612      |   61|   0|   64|          3|
    |inneridx_2_1_2_reg_5640      |   62|   0|   64|          2|
    |inneridx_2_1_3_reg_5668      |   60|   0|   64|          4|
    |inneridx_2_1_4_reg_5696      |   62|   0|   64|          2|
    |inneridx_2_1_5_reg_5724      |   61|   0|   64|          3|
    |inneridx_2_1_6_reg_5752      |   62|   0|   64|          2|
    |inneridx_2_1_7_reg_5780      |   59|   0|   64|          5|
    |inneridx_2_1_reg_5584        |   62|   0|   64|          2|
    |inneridx_2_2_1_reg_5969      |   61|   0|   64|          3|
    |inneridx_2_2_2_reg_5997      |   62|   0|   64|          2|
    |inneridx_2_2_3_reg_6025      |   60|   0|   64|          4|
    |inneridx_2_2_4_reg_6053      |   62|   0|   64|          2|
    |inneridx_2_2_5_reg_6081      |   61|   0|   64|          3|
    |inneridx_2_2_6_reg_6109      |   62|   0|   64|          2|
    |inneridx_2_2_7_reg_6137      |   59|   0|   64|          5|
    |inneridx_2_2_reg_5941        |   62|   0|   64|          2|
    |inneridx_2_3_1_reg_6326      |   61|   0|   64|          3|
    |inneridx_2_3_2_reg_6354      |   62|   0|   64|          2|
    |inneridx_2_3_3_reg_6382      |   60|   0|   64|          4|
    |inneridx_2_3_4_reg_6410      |   62|   0|   64|          2|
    |inneridx_2_3_5_reg_6438      |   61|   0|   64|          3|
    |inneridx_2_3_6_reg_6466      |   62|   0|   64|          2|
    |inneridx_2_3_7_reg_6494      |   59|   0|   64|          5|
    |inneridx_2_3_reg_6298        |   62|   0|   64|          2|
    |inneridx_2_reg_5227          |   62|   0|   64|          2|
    |inneridx_reg_1155            |   64|   0|   64|          0|
    |j_1_1_reg_1563               |    9|   0|    9|          0|
    |j_1_2_reg_1935               |    9|   0|    9|          0|
    |j_1_3_reg_2307               |    9|   0|    9|          0|
    |j_1_lcssa_1_reg_1892         |    9|   0|    9|          0|
    |j_1_lcssa_2_reg_2264         |    9|   0|    9|          0|
    |j_1_lcssa_3_reg_2638         |    9|   0|    9|          0|
    |j_1_lcssa_reg_1520           |    9|   0|    9|          0|
    |j_1_reg_1191                 |    9|   0|    9|          0|
    |j_2_0_1_reg_1256             |    8|   0|    8|          0|
    |j_2_0_2_reg_1286             |    8|   0|    8|          0|
    |j_2_0_3_reg_1316             |    8|   0|    8|          0|
    |j_2_0_4_reg_1346             |    8|   0|    8|          0|
    |j_2_0_5_reg_1376             |    8|   0|    8|          0|
    |j_2_0_6_reg_1406             |    8|   0|    8|          0|
    |j_2_0_7_reg_1436             |    8|   0|    8|          0|
    |j_2_1_1_reg_1628             |    8|   0|    8|          0|
    |j_2_1_2_reg_1658             |    8|   0|    8|          0|
    |j_2_1_3_reg_1688             |    8|   0|    8|          0|
    |j_2_1_4_reg_1718             |    8|   0|    8|          0|
    |j_2_1_5_reg_1748             |    8|   0|    8|          0|
    |j_2_1_6_reg_1778             |    8|   0|    8|          0|
    |j_2_1_7_reg_1808             |    8|   0|    8|          0|
    |j_2_1_reg_1598               |    8|   0|    8|          0|
    |j_2_2_1_reg_2000             |    8|   0|    8|          0|
    |j_2_2_2_reg_2030             |    8|   0|    8|          0|
    |j_2_2_3_reg_2060             |    8|   0|    8|          0|
    |j_2_2_4_reg_2090             |    8|   0|    8|          0|
    |j_2_2_5_reg_2120             |    8|   0|    8|          0|
    |j_2_2_6_reg_2150             |    8|   0|    8|          0|
    |j_2_2_7_reg_2180             |    8|   0|    8|          0|
    |j_2_2_reg_1970               |    8|   0|    8|          0|
    |j_2_3_1_reg_2372             |    8|   0|    8|          0|
    |j_2_3_2_reg_2402             |    8|   0|    8|          0|
    |j_2_3_3_reg_2432             |    8|   0|    8|          0|
    |j_2_3_4_reg_2462             |    8|   0|    8|          0|
    |j_2_3_5_reg_2492             |    8|   0|    8|          0|
    |j_2_3_6_reg_2522             |    8|   0|    8|          0|
    |j_2_3_7_reg_2552             |    8|   0|    8|          0|
    |j_2_3_reg_2342               |    8|   0|    8|          0|
    |j_2_reg_1226                 |    8|   0|    8|          0|
    |j_reg_1131                   |    9|   0|    9|          0|
    |k_reg_1143                   |    5|   0|    5|          0|
    |newIndex1_reg_5830           |   10|   0|   10|          0|
    |newIndex26_cast_reg_5107     |    9|   0|   64|         55|
    |newIndex28_cast_reg_5478     |   10|   0|   64|         54|
    |newIndex2_reg_6171           |    6|   0|    6|          0|
    |newIndex30_cast_reg_5835     |   10|   0|   64|         54|
    |newIndex32_cast_reg_6192     |   10|   0|   64|         54|
    |newIndex3_reg_6187           |   10|   0|   10|          0|
    |newIndex7_reg_5457           |    6|   0|    6|          0|
    |newIndex8_reg_5473           |   10|   0|   10|          0|
    |newIndex9_reg_5814           |    6|   0|    6|          0|
    |reg_2678                     |   32|   0|   32|          0|
    |reg_2683                     |   32|   0|   32|          0|
    |sel_tmp7_i7_reg_5201         |   32|   0|   32|          0|
    |sel_tmp7_i8_reg_5922         |   32|   0|   32|          0|
    |sel_tmp7_i9_reg_6279         |   32|   0|   32|          0|
    |sel_tmp7_i_reg_5565          |   32|   0|   32|          0|
    |sum_1_1_reg_1587             |   32|   0|   32|          0|
    |sum_1_2_reg_1959             |   32|   0|   32|          0|
    |sum_1_3_reg_2331             |   32|   0|   32|          0|
    |sum_1_lcssa_1_reg_1839       |   32|   0|   32|          0|
    |sum_1_lcssa_2_reg_2211       |   32|   0|   32|          0|
    |sum_1_lcssa_3_reg_2583       |   32|   0|   32|          0|
    |sum_1_lcssa_reg_1467         |   32|   0|   32|          0|
    |sum_1_reg_1215               |   32|   0|   32|          0|
    |sum_2_0_1_reg_1267           |   32|   0|   32|          0|
    |sum_2_0_2_reg_1297           |   32|   0|   32|          0|
    |sum_2_0_3_reg_1327           |   32|   0|   32|          0|
    |sum_2_0_4_reg_1357           |   32|   0|   32|          0|
    |sum_2_0_5_reg_1387           |   32|   0|   32|          0|
    |sum_2_0_6_reg_1417           |   32|   0|   32|          0|
    |sum_2_0_7_reg_1447           |   32|   0|   32|          0|
    |sum_2_1_1_reg_1639           |   32|   0|   32|          0|
    |sum_2_1_2_reg_1669           |   32|   0|   32|          0|
    |sum_2_1_3_reg_1699           |   32|   0|   32|          0|
    |sum_2_1_4_reg_1729           |   32|   0|   32|          0|
    |sum_2_1_5_reg_1759           |   32|   0|   32|          0|
    |sum_2_1_6_reg_1789           |   32|   0|   32|          0|
    |sum_2_1_7_reg_1819           |   32|   0|   32|          0|
    |sum_2_1_reg_1609             |   32|   0|   32|          0|
    |sum_2_2_1_reg_2011           |   32|   0|   32|          0|
    |sum_2_2_2_reg_2041           |   32|   0|   32|          0|
    |sum_2_2_3_reg_2071           |   32|   0|   32|          0|
    |sum_2_2_4_reg_2101           |   32|   0|   32|          0|
    |sum_2_2_5_reg_2131           |   32|   0|   32|          0|
    |sum_2_2_6_reg_2161           |   32|   0|   32|          0|
    |sum_2_2_7_reg_2191           |   32|   0|   32|          0|
    |sum_2_2_reg_1981             |   32|   0|   32|          0|
    |sum_2_3_1_reg_2383           |   32|   0|   32|          0|
    |sum_2_3_2_reg_2413           |   32|   0|   32|          0|
    |sum_2_3_3_reg_2443           |   32|   0|   32|          0|
    |sum_2_3_4_reg_2473           |   32|   0|   32|          0|
    |sum_2_3_5_reg_2503           |   32|   0|   32|          0|
    |sum_2_3_6_reg_2533           |   32|   0|   32|          0|
    |sum_2_3_7_reg_2563           |   32|   0|   32|          0|
    |sum_2_3_reg_2353             |   32|   0|   32|          0|
    |sum_2_reg_1237               |   32|   0|   32|          0|
    |sum_reg_1167                 |   32|   0|   32|          0|
    |tmp_176_reg_5570             |   32|   0|   32|          0|
    |tmp_186_reg_5927             |   32|   0|   32|          0|
    |tmp_196_reg_6284             |   32|   0|   32|          0|
    |tmp_247_reg_5206             |    3|   0|    3|          0|
    |tmp_249_reg_5179             |    3|   0|    3|          0|
    |tmp_266_reg_5462             |    3|   0|    3|          0|
    |tmp_285_reg_5819             |    3|   0|    3|          0|
    |tmp_304_reg_6176             |    3|   0|    3|          0|
    |tmp_s_reg_5213               |   32|   0|   32|          0|
    |exitcond_0_1_reg_5260        |   64|  32|    1|          0|
    |exitcond_0_2_reg_5288        |   64|  32|    1|          0|
    |exitcond_0_3_reg_5316        |   64|  32|    1|          0|
    |exitcond_0_4_reg_5344        |   64|  32|    1|          0|
    |exitcond_0_5_reg_5372        |   64|  32|    1|          0|
    |exitcond_0_6_reg_5400        |   64|  32|    1|          0|
    |exitcond_0_7_reg_5428        |   64|  32|    1|          0|
    |exitcond_1_1_reg_5617        |   64|  32|    1|          0|
    |exitcond_1_2_reg_5645        |   64|  32|    1|          0|
    |exitcond_1_3_reg_5673        |   64|  32|    1|          0|
    |exitcond_1_4_reg_5701        |   64|  32|    1|          0|
    |exitcond_1_5_reg_5729        |   64|  32|    1|          0|
    |exitcond_1_6_reg_5757        |   64|  32|    1|          0|
    |exitcond_1_7_reg_5785        |   64|  32|    1|          0|
    |exitcond_1_reg_5589          |   64|  32|    1|          0|
    |exitcond_2_1_reg_5974        |   64|  32|    1|          0|
    |exitcond_2_2_reg_6002        |   64|  32|    1|          0|
    |exitcond_2_3_reg_6030        |   64|  32|    1|          0|
    |exitcond_2_4_reg_6058        |   64|  32|    1|          0|
    |exitcond_2_5_reg_6086        |   64|  32|    1|          0|
    |exitcond_2_6_reg_6114        |   64|  32|    1|          0|
    |exitcond_2_7_reg_6142        |   64|  32|    1|          0|
    |exitcond_2_reg_5946          |   64|  32|    1|          0|
    |exitcond_3_1_reg_6331        |   64|  32|    1|          0|
    |exitcond_3_2_reg_6359        |   64|  32|    1|          0|
    |exitcond_3_3_reg_6387        |   64|  32|    1|          0|
    |exitcond_3_4_reg_6415        |   64|  32|    1|          0|
    |exitcond_3_5_reg_6443        |   64|  32|    1|          0|
    |exitcond_3_6_reg_6471        |   64|  32|    1|          0|
    |exitcond_3_7_reg_6499        |   64|  32|    1|          0|
    |exitcond_3_reg_6303          |   64|  32|    1|          0|
    |exitcond_reg_5232            |   64|  32|    1|          0|
    +-----------------------------+-----+----+-----+-----------+
    |Total                        | 7541|1024| 5834|        309|
    +-----------------------------+-----+----+-----+-----------+



================================================================
== Interface
================================================================
* Summary: 
+--------------+-----+-----+------------+-------------------+--------------+
|   RTL Ports  | Dir | Bits|  Protocol  |   Source Object   |    C Type    |
+--------------+-----+-----+------------+-------------------+--------------+
|ap_clk        |  in |    1| ap_ctrl_hs | k2c_affine_matmul | return value |
|ap_rst        |  in |    1| ap_ctrl_hs | k2c_affine_matmul | return value |
|ap_start      |  in |    1| ap_ctrl_hs | k2c_affine_matmul | return value |
|ap_done       | out |    1| ap_ctrl_hs | k2c_affine_matmul | return value |
|ap_idle       | out |    1| ap_ctrl_hs | k2c_affine_matmul | return value |
|ap_ready      | out |    1| ap_ctrl_hs | k2c_affine_matmul | return value |
|C_0_address0  | out |    4|  ap_memory |        C_0        |     array    |
|C_0_ce0       | out |    1|  ap_memory |        C_0        |     array    |
|C_0_we0       | out |    1|  ap_memory |        C_0        |     array    |
|C_0_d0        | out |   32|  ap_memory |        C_0        |     array    |
|C_1_address0  | out |    4|  ap_memory |        C_1        |     array    |
|C_1_ce0       | out |    1|  ap_memory |        C_1        |     array    |
|C_1_we0       | out |    1|  ap_memory |        C_1        |     array    |
|C_1_d0        | out |   32|  ap_memory |        C_1        |     array    |
|C_2_address0  | out |    4|  ap_memory |        C_2        |     array    |
|C_2_ce0       | out |    1|  ap_memory |        C_2        |     array    |
|C_2_we0       | out |    1|  ap_memory |        C_2        |     array    |
|C_2_d0        | out |   32|  ap_memory |        C_2        |     array    |
|C_3_address0  | out |    4|  ap_memory |        C_3        |     array    |
|C_3_ce0       | out |    1|  ap_memory |        C_3        |     array    |
|C_3_we0       | out |    1|  ap_memory |        C_3        |     array    |
|C_3_d0        | out |   32|  ap_memory |        C_3        |     array    |
|C_4_address0  | out |    4|  ap_memory |        C_4        |     array    |
|C_4_ce0       | out |    1|  ap_memory |        C_4        |     array    |
|C_4_we0       | out |    1|  ap_memory |        C_4        |     array    |
|C_4_d0        | out |   32|  ap_memory |        C_4        |     array    |
|C_5_address0  | out |    4|  ap_memory |        C_5        |     array    |
|C_5_ce0       | out |    1|  ap_memory |        C_5        |     array    |
|C_5_we0       | out |    1|  ap_memory |        C_5        |     array    |
|C_5_d0        | out |   32|  ap_memory |        C_5        |     array    |
|C_6_address0  | out |    4|  ap_memory |        C_6        |     array    |
|C_6_ce0       | out |    1|  ap_memory |        C_6        |     array    |
|C_6_we0       | out |    1|  ap_memory |        C_6        |     array    |
|C_6_d0        | out |   32|  ap_memory |        C_6        |     array    |
|C_7_address0  | out |    4|  ap_memory |        C_7        |     array    |
|C_7_ce0       | out |    1|  ap_memory |        C_7        |     array    |
|C_7_we0       | out |    1|  ap_memory |        C_7        |     array    |
|C_7_d0        | out |   32|  ap_memory |        C_7        |     array    |
|A_0_address0  | out |    4|  ap_memory |        A_0        |     array    |
|A_0_ce0       | out |    1|  ap_memory |        A_0        |     array    |
|A_0_q0        |  in |   32|  ap_memory |        A_0        |     array    |
|A_1_address0  | out |    4|  ap_memory |        A_1        |     array    |
|A_1_ce0       | out |    1|  ap_memory |        A_1        |     array    |
|A_1_q0        |  in |   32|  ap_memory |        A_1        |     array    |
|A_2_address0  | out |    4|  ap_memory |        A_2        |     array    |
|A_2_ce0       | out |    1|  ap_memory |        A_2        |     array    |
|A_2_q0        |  in |   32|  ap_memory |        A_2        |     array    |
|A_3_address0  | out |    4|  ap_memory |        A_3        |     array    |
|A_3_ce0       | out |    1|  ap_memory |        A_3        |     array    |
|A_3_q0        |  in |   32|  ap_memory |        A_3        |     array    |
|A_4_address0  | out |    4|  ap_memory |        A_4        |     array    |
|A_4_ce0       | out |    1|  ap_memory |        A_4        |     array    |
|A_4_q0        |  in |   32|  ap_memory |        A_4        |     array    |
|A_5_address0  | out |    4|  ap_memory |        A_5        |     array    |
|A_5_ce0       | out |    1|  ap_memory |        A_5        |     array    |
|A_5_q0        |  in |   32|  ap_memory |        A_5        |     array    |
|A_6_address0  | out |    4|  ap_memory |        A_6        |     array    |
|A_6_ce0       | out |    1|  ap_memory |        A_6        |     array    |
|A_6_q0        |  in |   32|  ap_memory |        A_6        |     array    |
|A_7_address0  | out |    4|  ap_memory |        A_7        |     array    |
|A_7_ce0       | out |    1|  ap_memory |        A_7        |     array    |
|A_7_q0        |  in |   32|  ap_memory |        A_7        |     array    |
|d_address0    | out |    7|  ap_memory |         d         |     array    |
|d_ce0         | out |    1|  ap_memory |         d         |     array    |
|d_q0          |  in |   32|  ap_memory |         d         |     array    |
|outrows       |  in |   64|   ap_none  |      outrows      |    scalar    |
+--------------+-----+-----+------------+-------------------+--------------+

